#Name:     
#Cmdline:  
#Exe:      
#SimulatorVersion:
#Repro:    
#Start:    Friday Fri Jan  3 16:55:56 2020
#Elapsed:  0.00644s
top.a.b.c: mycategory: Test Message 1 with some numbers like 1 and 2. Neat
top.a.e.g: talk: Hi, I'm constructing
top.a.b.c: mycategory: Message from C in category 'mycategory'
top.a.b.c: mycategory: Another message from C in category 'mycategory' with a newline char in the middle that should be converted to a ""
top.a.e.g: mycategory: Message from G. Should be seen by e_tap_mycategory, a_tap_mycategory
top.a.d: other_category: Message from D. Should be seen by top_tap_all, a_tap_all, and a_tap_stder
top.a.b.c: mycategory: Another message from C in category 'mycategory' after removing the tap to a_removed.log.basic
top.a.e.g: mycategory: Message from G. Should be seen by e_tap_mycategory but NOT a_removed
top.a.e.g: warning: Another warning after removing the temporary tap on a
top.a.e.g: talk: Neato, I'm starting teardown
top.a.e.g: talk: Help, I'm destructing
