#Name:     
#Cmdline:  
#Exe:      
#SimulatorVersion:
#Repro:    
#Start:    Friday Fri Jan  3 16:55:56 2020
#Elapsed:  0.0066s
top.a.e.g: warning: Another warning after removing the temporary tap on a
