# report="Report1",start=20,end=40
top.core0.stats.c1,top.core0.stats.s1,stat1,stat5,top.core0.stats.c2,stat3,stat4,PICO,top.core0.stats.s2,top.core0.stats.s3,top.core0.stats.s4,<expression>,<expression>,SubreportB.stat1,SubreportB.stat2,SubreportA.stat1,SubreportA.stat2,SubreportA.stat3,SubreportA.ticks,SubreportA.stat3_per_tick,SubreportA.stat4,SubreportA.custom_expression,SubreportA.s3_expression,SubreportA.s4_expression,SubreportA.zero,SubreportA.s,SubreportA.ms,SubreportA.us,SubreportA.ns,SubreportA.ps,SubreportA.core0 cycles,SubreportA.core1 cycles
1,1,1,100000,2,3,4,20,2,0.0365854,82,10,10,1,1,1,2,0.0365854,20,0.00182927,82,81,1000.04,1082,6.12323e-17,2e-11,2e-08,2e-05,0.02,20,10,6
