# (1) (top.core0.stats.c1)
# (2) (top.core0.stats.s1)
# (3) stat1 (top.core0.stats.c1)
# (4) stat5 (top.core0.stats.c5)
# (5) (top.core0.stats.c2)
# (6) stat3 (top.core0.stats.c3)
# (7) stat4 (top.core0.stats.c4)
# (8) PICO (scheduler.stats.picoseconds)
# (9) (top.core0.stats.s2)
# (10) (top.core0.stats.s3)
# (11) (top.core0.stats.s4)
# (12) (<expression>)
# (13) (<expression>)
# (14) stat1 (top.core0.stats.s1)
# (15) stat2 (top.core0.stats.s1)
# (16) stat1 (top.core0.stats.s1)
# (17) stat2 (top.core0.stats.s2)
# (18) stat3 (top.core0.stats.s3)
# (19) ticks (<expression>)
# (20) stat3_per_tick (<expression>)
# (21) stat4 (top.core0.stats.s4)
# (22) custom_expression (<expression>)
# (23) s3_expression (<expression>)
# (24) s4_expression (<expression>)
# (25) zero (<expression>)
# (26) s (<expression>)
# (27) ms (<expression>)
# (28) us (<expression>)
# (29) ns (<expression>)
# (30) ps (<expression>)
# (31) core0 cycles (<expression>)
# (32) core1 cycles (<expression>)
1 1 1 100000 2 3 4 20 2 0.0365854 82 10 10 1 1 1 2 0.0365854 20 0.00182927 82 81 1000.04 1082 6.12323e-17 2e-11 2e-08 2e-05 0.02 20 10 6 
